ok give me examples that with the level hard ok using this database and what is the different between the database and the schema ok 
mysql> use store1
Database changed
mysql> SHOW TABLES;
+------------------+
| Tables_in_store1 |
+------------------+
| attribute_items  |
| attributes       |
| categories       |
| prices           |
| product_gallery  |
| products         |
+------------------+
6 rows in set (0.00 sec)

mysql> SHOW CREATE TABLE prices;
+--------+--------------------------------------------------------------------------------------------------------------------------------------------------------------------------------------------------------------------------------------------------------------------------------------------------------------------------------------------------------------------------------------------------------------------------------------+
| Table  | Create Table                                                                                                                                                                                                                                                                                                                                                                                                                         |
+--------+--------------------------------------------------------------------------------------------------------------------------------------------------------------------------------------------------------------------------------------------------------------------------------------------------------------------------------------------------------------------------------------------------------------------------------------+
| prices | CREATE TABLE prices (
  product_id varchar(255) NOT NULL DEFAULT '',
  amount decimal(10,2) DEFAULT NULL,
  currency_label varchar(50) NOT NULL DEFAULT '',
  currency_symbol varchar(10) DEFAULT NULL,
  __typename varchar(255) DEFAULT NULL,
  PRIMARY KEY (product_id,currency_label),
  CONSTRAINT prices_ibfk_1 FOREIGN KEY (product_id) REFERENCES products (id)
) ENGINE=InnoDB DEFAULT CHARSET=utf8 |
+--------+--------------------------------------------------------------------------------------------------------------------------------------------------------------------------------------------------------------------------------------------------------------------------------------------------------------------------------------------------------------------------------------------------------------------------------------+
1 row in set (0.01 sec)

mysql> SHOW CREATE TABLE prices categories;
ERROR 1064 (42000): You have an error in your SQL syntax; check the manual that corresponds to your MySQL server version for the right syntax to use near 'categories' at line 1
mysql> show create table prices, categories;
ERROR 1064 (42000): You have an error in your SQL syntax; check the manual that corresponds to your MySQL server version for the right syntax to use near ' categories' at line 1
mysql> show create table products;
+----------+--------------------------------------------------------------------------------------------------------------------------------------------------------------------------------------------------------------------------------------------------------------------------------------------------------------------------------------------+
| Table    | Create Table                                                                                                                                                                                                                                                                                                                               |
+----------+--------------------------------------------------------------------------------------------------------------------------------------------------------------------------------------------------------------------------------------------------------------------------------------------------------------------------------------------+
| products | CREATE TABLE products (
  id varchar(255) NOT NULL,
  name varchar(255) DEFAULT NULL,
  inStock tinyint(1) DEFAULT NULL,
  description text,
  category_id varchar(255) DEFAULT NULL,
  brand varchar(255) DEFAULT NULL,
  __typename varchar(255) DEFAULT NULL,
  PRIMARY KEY (id)
) ENGINE=InnoDB DEFAULT CHARSET=utf8 |
+----------+--------------------------------------------------------------------------------------------------------------------------------------------------------------------------------------------------------------------------------------------------------------------------------------------------------------------------------------------+
1 row in set (0.01 sec)

mysql> SELECT p.name, p.description FROM products p WHERE p.inStock = 1;
+----------------------+------------------------------------------------------------------------------------------------------------------------------------------------------------------------------------------------------------------------------------------------------+
| name                 | description                                                                                                                                                                                                                                          |
+----------------------+------------------------------------------------------------------------------------------------------------------------------------------------------------------------------------------------------------------------------------------------------+
| AirTag               | <h1>Lose your knack for losing things.</h1><p>AirTag is an easy way to keep track of your stuff. Attach one to your keys, slip another one in your backpack. And just like that, they?re on your radar in the Find My app. AirTag has your back.</p> |
| iMac 2021            | The new iMac!                                                                                                                                                                                                                                        |
| iPhone 12 Pro        | This is iPhone 12. Nothing else to say.                                                                                                                                                                                                              |
| Nike Air Huarache Le | <p>Great sneakers for everyday use!</p>                                                                                                                                                                                                              |
| Jacket               | <p>Awesome winter jacket</p>                                                                                                                                                                                                                         |
| PlayStation 5        | <p>A good gaming console. Plays games of PS4! Enjoy if you can buy it mwahahahaha</p>                                                                                                                                                                |
+----------------------+------------------------------------------------------------------------------------------------------------------------------------------------------------------------------------------------------------------------------------------------------+
6 rows in set (0.01 sec)

mysql> show create table categories;
+------------+---------------------------------------------------------------------------------------------------------------------------------------------------------+
| Table      | Create Table                                                                                                                                            |
+------------+---------------------------------------------------------------------------------------------------------------------------------------------------------+
| categories | CREATE TABLE categories (
  id varchar(255) NOT NULL,
  name varchar(255) DEFAULT NULL,
  PRIMARY KEY (id)
) ENGINE=InnoDB DEFAULT CHARSET=utf8 |
+------------+---------------------------------------------------------------------------------------------------------------------------------------------------------+
1 row in set (0.00 sec)

mysql> show create table product_galleries;
ERROR 1146 (42S02): Table 'store1.product_galleries' doesn't exist
mysql> show create table product_gallery;
+-----------------+----------------------------------------------------------------------------------------------------------------------------------------------------------------------------------------------------------------------------------------------------------------------------------------------------------------+
| Table           | Create Table                                                                                                                                                                                                                                                                                                   |
+-----------------+----------------------------------------------------------------------------------------------------------------------------------------------------------------------------------------------------------------------------------------------------------------------------------------------------------------+
| product_gallery | CREATE TABLE product_gallery (
  product_id varchar(255) NOT NULL DEFAULT '',
  image_url varchar(255) NOT NULL DEFAULT '',
  PRIMARY KEY (product_id,image_url),
  CONSTRAINT product_gallery_ibfk_1 FOREIGN KEY (product_id) REFERENCES products (id)
) ENGINE=InnoDB DEFAULT CHARSET=utf8 |
+-----------------+----------------------------------------------------------------------------------------------------------------------------------------------------------------------------------------------------------------------------------------------------------------------------------------------------------------+
1 row in set (0.00 sec)

mysql> show create table attributes;
+------------+--------------------------------------------------------------------------------------------------------------------------------------------------------------------------------------------------------------------------------------------------------------------------------------------------------------------------------------------------------------------------------------------------------------------------------------------+
| Table      | Create Table                                                                                                                                                                                                                                                                                                                                                                                                                               |
+------------+--------------------------------------------------------------------------------------------------------------------------------------------------------------------------------------------------------------------------------------------------------------------------------------------------------------------------------------------------------------------------------------------------------------------------------------------+
| attributes | CREATE TABLE attributes (
  id varchar(255) NOT NULL DEFAULT '',
  product_id varchar(255) NOT NULL DEFAULT '',
  name varchar(255) DEFAULT NULL,
  type varchar(50) DEFAULT NULL,
  __typename varchar(255) DEFAULT NULL,
  PRIMARY KEY (id,product_id),
  KEY product_id (product_id),
  CONSTRAINT attributes_ibfk_1 FOREIGN KEY (product_id) REFERENCES products (id)
) ENGINE=InnoDB DEFAULT CHARSET=utf8 |
+------------+--------------------------------------------------------------------------------------------------------------------------------------------------------------------------------------------------------------------------------------------------------------------------------------------------------------------------------------------------------------------------------------------------------------------------------------------+
1 row in set (0.00 sec)

mysql> show create table attribute_items;
+-----------------+---------------------------------------------------------------------------------------------------------------------------------------------------------------------------------------------------------------------------------------------------------------------------------------------------------------------------------------------------------------------------------------------------------------------------------------------------------------------------------------------------------------------------------------------------------------------------------+
| Table           | Create Table                                                                                                                                                                                                                                                                                                                                                                                                                                                                                                                                                                    |
+-----------------+---------------------------------------------------------------------------------------------------------------------------------------------------------------------------------------------------------------------------------------------------------------------------------------------------------------------------------------------------------------------------------------------------------------------------------------------------------------------------------------------------------------------------------------------------------------------------------+
| attribute_items | CREATE TABLE attribute_items (
  id varchar(255) NOT NULL DEFAULT '',
  attribute_id varchar(255) NOT NULL DEFAULT '',
  product_id varchar(255) NOT NULL DEFAULT '',
  displayValue varchar(50) DEFAULT NULL,
  value varchar(50) DEFAULT NULL,
  __typename varchar(255) DEFAULT NULL,
  PRIMARY KEY (id,attribute_id,product_id),
  KEY attribute_id (attribute_id,product_id),
  CONSTRAINT attribute_items_ibfk_1 FOREIGN KEY (attribute_id, product_id) REFERENCES attributes (id, product_id)
) ENGINE=InnoDB DEFAULT CHARSET=utf8 |
+-----------------+---------------------------------------------------------------------------------------------------------------------------------------------------------------------------------------------------------------------------------------------------------------------------------------------------------------------------------------------------------------------------------------------------------------------------------------------------------------------------------------------------------------------------------------------------------------------------------+
1 row in set (0.00 sec)

mysql>